/*
 *  CMSIS Pack Debug Access Sequence Log
 *  File        : D:\ZHUO MIAN\keil project\STM32\LED…¡À∏\project_Sequences_0000.log
 *  Created     : 15:40:27 (03/01/2026)
 *  Device      : STM32F103C8
 *  PDSC File   : D:/Keil5_MDK/Keil/STM32F1xx_DFP/2.4.1/Keil.STM32F1xx_DFP.pdsc
 *  Config File : D:\ZHUO MIAN\keil project\STM32\LED…¡À∏\DebugConfig\Target_1_STM32F103C8_1.0.0.dbgconf
 *
 */

[15:40:27.009]  **********  Sequence "DebugDeviceUnlock"  (Context="Target Access", Pname="", info="")
[15:40:27.009]  
[15:40:27.009]  <debugvars>
[15:40:27.009]    // Pre-defined
[15:40:27.009]    __protocol=0x00010002      (Protocol="SWD", SWJ-DP="True")
[15:40:27.009]    __connection=0x00000202    (Connection Type="Flash", Reset Type="System Reset")
[15:40:27.009]    __dp=0x00000000
[15:40:27.009]    __ap=0x00000000
[15:40:27.009]    __traceout=0x00000000      (Trace Disabled)
[15:40:27.009]    __errorcontrol=0x00000000  (Skip Errors="False")
[15:40:27.009]    __FlashAddr=0x00000000
[15:40:27.009]    __FlashLen=0x00000000
[15:40:27.009]    __FlashArg=0x00000000
[15:40:27.009]    __FlashOp=0x00000000
[15:40:27.009]    __Result=0x00000000
[15:40:27.009]    
[15:40:27.009]    // User-defined
[15:40:27.009]    DbgMCU_CR=0x00000007
[15:40:27.009]  </debugvars>
[15:40:27.024]  
[15:40:27.024]  <sequence name="DebugDeviceUnlock" Pname="" disable="false" info="">
[15:40:27.024]    <block atomic="false" info="">
[15:40:27.024]      Sequence("CheckID");
[15:40:27.024]        <sequence name="CheckID" Pname="" disable="false" info="">
[15:40:27.024]          <block atomic="false" info="">
[15:40:27.024]            __var pidr1 = 0;
[15:40:27.024]              // -> [pidr1 <= 0x00000000]
[15:40:27.024]            __var pidr2 = 0;
[15:40:27.024]              // -> [pidr2 <= 0x00000000]
[15:40:27.024]            __var jep106id = 0;
[15:40:27.024]              // -> [jep106id <= 0x00000000]
[15:40:27.024]            __var ROMTableBase = 0;
[15:40:27.024]              // -> [ROMTableBase <= 0x00000000]
[15:40:27.024]            __ap = 0;      // AHB-AP
[15:40:27.024]              // -> [__ap <= 0x00000000]
[15:40:27.024]            ROMTableBase = ReadAP(0xF8) & ~0x3;
[15:40:27.024]              // -> [ReadAP(0x000000F8) => 0xE00FF003]   (__dp=0x00000000, __ap=0x00000000)
[15:40:27.024]              // -> [ROMTableBase <= 0xE00FF000]
[15:40:27.024]            pidr1 = Read32(ROMTableBase + 0x0FE4);
[15:40:27.024]              // -> [Read32(0xE00FFFE4) => 0x00000004]   (__dp=0x00000000, __ap=0x00000000)
[15:40:27.024]              // -> [pidr1 <= 0x00000004]
[15:40:27.024]            pidr2 = Read32(ROMTableBase + 0x0FE8);
[15:40:27.024]              // -> [Read32(0xE00FFFE8) => 0x0000000A]   (__dp=0x00000000, __ap=0x00000000)
[15:40:27.024]              // -> [pidr2 <= 0x0000000A]
[15:40:27.024]            jep106id = ((pidr2 & 0x7) << 4 ) | ((pidr1 >> 4) & 0xF);
[15:40:27.024]              // -> [jep106id <= 0x00000020]
[15:40:27.024]          </block>
[15:40:27.024]          <control if="jep106id != 0x20" while="" timeout="0" info="">
[15:40:27.024]            // if-block "jep106id != 0x20"
[15:40:27.024]              // =>  FALSE
[15:40:27.024]            // skip if-block "jep106id != 0x20"
[15:40:27.024]          </control>
[15:40:27.024]        </sequence>
[15:40:27.024]    </block>
[15:40:27.024]  </sequence>
[15:40:27.024]  
[15:40:27.024]  **********  Sequence "DebugCoreStart"  (Context="Target Access", Pname="", info="")
[15:40:27.024]  
[15:40:27.024]  <debugvars>
[15:40:27.024]    // Pre-defined
[15:40:27.024]    __protocol=0x00010002      (Protocol="SWD", SWJ-DP="True")
[15:40:27.024]    __connection=0x00000202    (Connection Type="Flash", Reset Type="System Reset")
[15:40:27.024]    __dp=0x00000000
[15:40:27.024]    __ap=0x00000000
[15:40:27.024]    __traceout=0x00000000      (Trace Disabled)
[15:40:27.024]    __errorcontrol=0x00000000  (Skip Errors="False")
[15:40:27.024]    __FlashAddr=0x00000000
[15:40:27.024]    __FlashLen=0x00000000
[15:40:27.024]    __FlashArg=0x00000000
[15:40:27.024]    __FlashOp=0x00000000
[15:40:27.024]    __Result=0x00000000
[15:40:27.024]    
[15:40:27.024]    // User-defined
[15:40:27.024]    DbgMCU_CR=0x00000007
[15:40:27.024]  </debugvars>
[15:40:27.024]  
[15:40:27.024]  <sequence name="DebugCoreStart" Pname="" disable="false" info="">
[15:40:27.024]    <block atomic="false" info="">
[15:40:27.024]      Write32(0xE000EDF0, 0xA05F0001);                                        // Enable Core Debug via DHCSR
[15:40:27.024]        // -> [Write32(0xE000EDF0, 0xA05F0001)]   (__dp=0x00000000, __ap=0x00000000)
[15:40:27.024]      Write32(0xE0042004, DbgMCU_CR);                                         // DBGMCU_CR: Configure MCU Debug
[15:40:27.024]        // -> [Write32(0xE0042004, 0x00000007)]   (__dp=0x00000000, __ap=0x00000000)
[15:40:27.024]    </block>
[15:40:27.024]  </sequence>
[15:40:27.024]  
